Archive member included because of file (symbol)

C:\Microchip Starter Kits\dsPIC Starter Kit - 1\MPLAB C30\lib\libdsp-coff.a(flt2frct.o)
                              filter.o (Float2Fract)
C:\Microchip Starter Kits\dsPIC Starter Kit - 1\MPLAB C30\lib\libdsp-coff.a(firinit.obj)
                              filter.o (FIRStructInit)
C:\Microchip Starter Kits\dsPIC Starter Kit - 1\MPLAB C30\lib\libdsp-coff.a(firdelay.obj)
                              filter.o (FIRDelayInit)
C:\Microchip Starter Kits\dsPIC Starter Kit - 1\MPLAB C30\lib\libdsp-coff.a(fir.obj)
                              filter.o (FIR)
C:\Microchip Starter Kits\dsPIC Starter Kit - 1\MPLAB C30\lib\libdsp-coff.a(cplxsqrmag.obj)
                              main.o (SquareMagnitudeCplx)
C:\Microchip Starter Kits\dsPIC Starter Kit - 1\MPLAB C30\lib\libdsp-coff.a(vmax.obj)
                              main.o (VectorMax)
C:\Microchip Starter Kits\dsPIC Starter Kit - 1\MPLAB C30\lib\libdsp-coff.a(vmul.obj)
                              complexmultiply.o (VectorMultiply)
C:\Microchip Starter Kits\dsPIC Starter Kit - 1\MPLAB C30\lib\libdsp-coff.a(vadd.obj)
                              complexmultiply.o (VectorAdd)
C:\Microchip Starter Kits\dsPIC Starter Kit - 1\MPLAB C30\lib\libdsp-coff.a(inittwid.o)
                              transform.o (TwidFactorInit)
C:\Microchip Starter Kits\dsPIC Starter Kit - 1\MPLAB C30\lib\libdsp-coff.a(fftoop.obj)
                              transform.o (FFTComplex)
C:\Microchip Starter Kits\dsPIC Starter Kit - 1\MPLAB C30\lib\libdsp-coff.a(ifftoop.obj)
                              transform.o (IFFTComplex)
C:\Microchip Starter Kits\dsPIC Starter Kit - 1\MPLAB C30\lib\libdsp-coff.a(vcopy.obj)
                              C:\Microchip Starter Kits\dsPIC Starter Kit - 1\MPLAB C30\lib\libdsp-coff.a(fftoop.obj) (VectorCopy)
C:\Microchip Starter Kits\dsPIC Starter Kit - 1\MPLAB C30\lib\libdsp-coff.a(fft.obj)
                              C:\Microchip Starter Kits\dsPIC Starter Kit - 1\MPLAB C30\lib\libdsp-coff.a(fftoop.obj) (FFTComplexIP)
C:\Microchip Starter Kits\dsPIC Starter Kit - 1\MPLAB C30\lib\libdsp-coff.a(bitrev.obj)
                              C:\Microchip Starter Kits\dsPIC Starter Kit - 1\MPLAB C30\lib\libdsp-coff.a(fftoop.obj) (BitReverseComplex)
C:\Microchip Starter Kits\dsPIC Starter Kit - 1\MPLAB C30\lib\libdsp-coff.a(ifft.obj)
                              C:\Microchip Starter Kits\dsPIC Starter Kit - 1\MPLAB C30\lib\libdsp-coff.a(ifftoop.obj) (IFFTComplexIP)
c:/microchip starter kits/dspic starter kit - 1/mplab c30/bin/../lib\libpic30-coff.a(crt1.o)
                              (_resetALT)
c:/microchip starter kits/dspic starter kit - 1/mplab c30/bin/../lib\libpic30-coff.a(crt0.o)
                              (_resetPRI)
c:/microchip starter kits/dspic starter kit - 1/mplab c30/bin/../lib\libm-coff.a(divsi3.o)
                              OCPWMDrv.o (__divsi3)
c:/microchip starter kits/dspic starter kit - 1/mplab c30/bin/../lib\libm-coff.a(divsf3.o)
                              modulate.o (__divsf3)
c:/microchip starter kits/dspic starter kit - 1/mplab c30/bin/../lib\libm-coff.a(addsf3.o)
                              C:\Microchip Starter Kits\dsPIC Starter Kit - 1\MPLAB C30\lib\libdsp-coff.a(flt2frct.o) (__subsf3)
c:/microchip starter kits/dspic starter kit - 1/mplab c30/bin/../lib\libm-coff.a(mulsf3.o)
                              modulate.o (__mulsf3)
c:/microchip starter kits/dspic starter kit - 1/mplab c30/bin/../lib\libm-coff.a(floatsisf.o)
                              modulate.o (__floatsisf)
c:/microchip starter kits/dspic starter kit - 1/mplab c30/bin/../lib\libm-coff.a(cosf.o)
                              modulate.o (cosf)
c:/microchip starter kits/dspic starter kit - 1/mplab c30/bin/../lib\libm-coff.a(sinf.o)
                              modulate.o (sinf)
c:/microchip starter kits/dspic starter kit - 1/mplab c30/bin/../lib\libm-coff.a(fgtge.o)
                              C:\Microchip Starter Kits\dsPIC Starter Kit - 1\MPLAB C30\lib\libdsp-coff.a(flt2frct.o) (__gtsf2)
c:/microchip starter kits/dspic starter kit - 1/mplab c30/bin/../lib\libm-coff.a(floorf.o)
                              C:\Microchip Starter Kits\dsPIC Starter Kit - 1\MPLAB C30\lib\libdsp-coff.a(flt2frct.o) (floorf)
c:/microchip starter kits/dspic starter kit - 1/mplab c30/bin/../lib\libm-coff.a(fixsfsi.o)
                              C:\Microchip Starter Kits\dsPIC Starter Kit - 1\MPLAB C30\lib\libdsp-coff.a(flt2frct.o) (__fixsfsi)
c:/microchip starter kits/dspic starter kit - 1/mplab c30/bin/../lib\libm-coff.a(feqltle.o)
                              C:\Microchip Starter Kits\dsPIC Starter Kit - 1\MPLAB C30\lib\libdsp-coff.a(flt2frct.o) (__eqsf2)
c:/microchip starter kits/dspic starter kit - 1/mplab c30/bin/../lib\libm-coff.a(ceilf.o)
                              C:\Microchip Starter Kits\dsPIC Starter Kit - 1\MPLAB C30\lib\libdsp-coff.a(flt2frct.o) (ceilf)
c:/microchip starter kits/dspic starter kit - 1/mplab c30/bin/../lib\libm-coff.a(fne.o)
                              C:\Microchip Starter Kits\dsPIC Starter Kit - 1\MPLAB C30\lib\libdsp-coff.a(flt2frct.o) (__nesf2)
c:/microchip starter kits/dspic starter kit - 1/mplab c30/bin/../lib\libm-coff.a(udivsi3.o)
                              c:/microchip starter kits/dspic starter kit - 1/mplab c30/bin/../lib\libm-coff.a(divsi3.o) (__udivsi3)
c:/microchip starter kits/dspic starter kit - 1/mplab c30/bin/../lib\libm-coff.a(funpack2.o)
                              c:/microchip starter kits/dspic starter kit - 1/mplab c30/bin/../lib\libm-coff.a(divsf3.o) (_funpack2)
c:/microchip starter kits/dspic starter kit - 1/mplab c30/bin/../lib\libm-coff.a(futil.o)
                              c:/microchip starter kits/dspic starter kit - 1/mplab c30/bin/../lib\libm-coff.a(divsf3.o) (_fPropagateNaN)
c:/microchip starter kits/dspic starter kit - 1/mplab c30/bin/../lib\libm-coff.a(fpack.o)
                              c:/microchip starter kits/dspic starter kit - 1/mplab c30/bin/../lib\libm-coff.a(divsf3.o) (_fpack)
c:/microchip starter kits/dspic starter kit - 1/mplab c30/bin/../lib\libm-coff.a(sincosf.o)
                              c:/microchip starter kits/dspic starter kit - 1/mplab c30/bin/../lib\libm-coff.a(cosf.o) (_sincosf)
c:/microchip starter kits/dspic starter kit - 1/mplab c30/bin/../lib\libm-coff.a(fcompare.o)
                              c:/microchip starter kits/dspic starter kit - 1/mplab c30/bin/../lib\libm-coff.a(fgtge.o) (_fcompare)
c:/microchip starter kits/dspic starter kit - 1/mplab c30/bin/../lib\libm-coff.a(fchop.o)
                              c:/microchip starter kits/dspic starter kit - 1/mplab c30/bin/../lib\libm-coff.a(floorf.o) (_fchop)
c:/microchip starter kits/dspic starter kit - 1/mplab c30/bin/../lib\libm-coff.a(funpack.o)
                              c:/microchip starter kits/dspic starter kit - 1/mplab c30/bin/../lib\libm-coff.a(fixsfsi.o) (_funpack)
c:/microchip starter kits/dspic starter kit - 1/mplab c30/bin/../lib\libm-coff.a(errno.o)
                              c:/microchip starter kits/dspic starter kit - 1/mplab c30/bin/../lib\libm-coff.a(sincosf.o) (errno)
c:/microchip starter kits/dspic starter kit - 1/mplab c30/bin/../lib\libm-coff.a(fmodf.o)
                              c:/microchip starter kits/dspic starter kit - 1/mplab c30/bin/../lib\libm-coff.a(sincosf.o) (fmodf)
c:/microchip starter kits/dspic starter kit - 1/mplab c30/bin/../lib\libm-coff.a(fmodrem.o)
                              c:/microchip starter kits/dspic starter kit - 1/mplab c30/bin/../lib\libm-coff.a(fmodf.o) (_fmodrem)
